// Jest Snapshot v1, https://goo.gl/fbAQLP

exports[`renders the UI as expected 1`] = `
<div
  className="participant notInSession"
>
  <img
    alt="avatar"
  />
  <h4 />
  <div
    className="onStageStatus notOnStage"
  >
    <h6>
      â€¢
    </h6>
    <h5>
      in session
    </h5>
  </div>
</div>
`;
