// Jest Snapshot v1, https://goo.gl/fbAQLP

exports[`renders the UI as expected 1`] = `
<div
  className="Stage"
>
  <div
    className="participant inSession"
    id={1}
  >
    <img
      alt="avatar"
      src="https://robohash.org/itaquevoluptatumrerum.jpg?size=200x200&set=set1"
    />
    <h4>
      Koren Templeton
    </h4>
    <div
      className="onStageStatus onStage"
    >
      <h6>
        â€¢
      </h6>
      <h5>
        on stage
      </h5>
    </div>
  </div>
</div>
`;
